[    0.000000] Linux version 4.15.0-117-generic (buildd@lcy01-amd64-008) (gcc version 7.5.0 (Ubuntu 7.5.0-3ubuntu1~18.04)) #118-Ubuntu SMP Fri Sep 4 20:02:41 UTC 2020 (Ubuntu 4.15.0-117.118-generic 4.15.18)
[    0.000000] Command line: BOOT_IMAGE=/boot/vmlinuz-4.15.0-117-generic root=LABEL=cloudimg-rootfs ro console=tty1 console=ttyS0
[    0.000000] KERNEL supported cpus:
[    0.000000]   Intel GenuineIntel
[    0.000000]   AMD AuthenticAMD
[    0.000000]   Centaur CentaurHauls
[    0.000000] x86/fpu: Supporting XSAVE feature 0x001: 'x87 floating point registers'
[    0.000000] x86/fpu: Supporting XSAVE feature 0x002: 'SSE registers'
[    0.000000] x86/fpu: Supporting XSAVE feature 0x004: 'AVX registers'
[    0.000000] x86/fpu: xstate_offset[2]:  576, xstate_sizes[2]:  256
[    0.000000] x86/fpu: Enabled xstate features 0x7, context size is 832 bytes, using 'standard' format.
[    0.000000] e820: BIOS-provided physical RAM map:
[    0.000000] BIOS-e820: [mem 0x0000000000000000-0x000000000009fbff] usable
[    0.000000] BIOS-e820: [mem 0x000000000009fc00-0x000000000009ffff] reserved
[    0.000000] BIOS-e820: [mem 0x00000000000f0000-0x00000000000fffff] reserved
[    0.000000] BIOS-e820: [mem 0x0000000000100000-0x000000003ffeffff] usable
[    0.000000] BIOS-e820: [mem 0x000000003fff0000-0x000000003fffffff] ACPI data
[    0.000000] BIOS-e820: [mem 0x00000000fec00000-0x00000000fec00fff] reserved
[    0.000000] BIOS-e820: [mem 0x00000000fee00000-0x00000000fee00fff] reserved
[    0.000000] BIOS-e820: [mem 0x00000000fffc0000-0x00000000ffffffff] reserved
[    0.000000] NX (Execute Disable) protection: active
[    0.000000] SMBIOS 2.5 present.
[    0.000000] DMI: innotek GmbH VirtualBox/VirtualBox, BIOS VirtualBox 12/01/2006
[    0.000000] Hypervisor detected: KVM
[    0.000000] e820: last_pfn = 0x3fff0 max_arch_pfn = 0x400000000
[    0.000000] MTRR: Disabled
[    0.000000] x86/PAT: MTRRs disabled, skipping PAT initialization too.
[    0.000000] CPU MTRRs all blank - virtualized system.
[    0.000000] x86/PAT: Configuration [0-7]: WB  WT  UC- UC  WB  WT  UC- UC  
[    0.000000] found SMP MP-table at [mem 0x0009fff0-0x0009ffff]
[    0.000000] Scanning 1 areas for low memory corruption
[    0.000000] RAMDISK: [mem 0x35a65000-0x36d29fff]
[    0.000000] ACPI: Early table checksum verification disabled
[    0.000000] ACPI: RSDP 0x00000000000E0000 000024 (v02 VBOX  )
[    0.000000] ACPI: XSDT 0x000000003FFF0030 00003C (v01 VBOX   VBOXXSDT 00000001 ASL  00000061)
[    0.000000] ACPI: FACP 0x000000003FFF00F0 0000F4 (v04 VBOX   VBOXFACP 00000001 ASL  00000061)
[    0.000000] ACPI: DSDT 0x000000003FFF0470 0022EA (v02 VBOX   VBOXBIOS 00000002 INTL 20100528)
[    0.000000] ACPI: FACS 0x000000003FFF0200 000040
[    0.000000] ACPI: FACS 0x000000003FFF0200 000040
[    0.000000] ACPI: APIC 0x000000003FFF0240 00005C (v02 VBOX   VBOXAPIC 00000001 ASL  00000061)
[    0.000000] ACPI: SSDT 0x000000003FFF02A0 0001CC (v01 VBOX   VBOXCPUT 00000002 INTL 20100528)
[    0.000000] No NUMA configuration found
[    0.000000] Faking a node at [mem 0x0000000000000000-0x000000003ffeffff]
[    0.000000] NODE_DATA(0) allocated [mem 0x3ffc5000-0x3ffeffff]
[    0.000000] kvm-clock: cpu 0, msr 0:3ff44001, primary cpu clock
[    0.000000] kvm-clock: Using msrs 4b564d01 and 4b564d00
[    0.000000] kvm-clock: using sched offset of 3640513155 cycles
[    0.000000] clocksource: kvm-clock: mask: 0xffffffffffffffff max_cycles: 0x1cd42e4dffb, max_idle_ns: 881590591483 ns
[    0.000000] Zone ranges:
[    0.000000]   DMA      [mem 0x0000000000001000-0x0000000000ffffff]
[    0.000000]   DMA32    [mem 0x0000000001000000-0x000000003ffeffff]
[    0.000000]   Normal   empty
[    0.000000]   Device   empty
[    0.000000] Movable zone start for each node
[    0.000000] Early memory node ranges
[    0.000000]   node   0: [mem 0x0000000000001000-0x000000000009efff]
[    0.000000]   node   0: [mem 0x0000000000100000-0x000000003ffeffff]
[    0.000000] Reserved but unavailable: 98 pages
[    0.000000] Initmem setup node 0 [mem 0x0000000000001000-0x000000003ffeffff]
[    0.000000] ACPI: PM-Timer IO Port: 0x4008
[    0.000000] IOAPIC[0]: apic_id 2, version 32, address 0xfec00000, GSI 0-23
[    0.000000] ACPI: INT_SRC_OVR (bus 0 bus_irq 0 global_irq 2 dfl dfl)
[    0.000000] ACPI: INT_SRC_OVR (bus 0 bus_irq 9 global_irq 9 low level)
[    0.000000] Using ACPI (MADT) for SMP configuration information
[    0.000000] smpboot: Allowing 2 CPUs, 0 hotplug CPUs
[    0.000000] PM: Registered nosave memory: [mem 0x00000000-0x00000fff]
[    0.000000] PM: Registered nosave memory: [mem 0x0009f000-0x0009ffff]
[    0.000000] PM: Registered nosave memory: [mem 0x000a0000-0x000effff]
[    0.000000] PM: Registered nosave memory: [mem 0x000f0000-0x000fffff]
[    0.000000] e820: [mem 0x40000000-0xfebfffff] available for PCI devices
[    0.000000] Booting paravirtualized kernel on KVM
[    0.000000] clocksource: refined-jiffies: mask: 0xffffffff max_cycles: 0xffffffff, max_idle_ns: 7645519600211568 ns
[    0.000000] random: get_random_bytes called from start_kernel+0x99/0x500 with crng_init=0
[    0.000000] setup_percpu: NR_CPUS:8192 nr_cpumask_bits:2 nr_cpu_ids:2 nr_node_ids:1
[    0.000000] percpu: Embedded 45 pages/cpu s147456 r8192 d28672 u1048576
[    0.000000] PV qspinlock hash table entries: 256 (order: 0, 4096 bytes)
[    0.000000] Built 1 zonelists, mobility grouping on.  Total pages: 257913
[    0.000000] Policy zone: DMA32
[    0.000000] Kernel command line: BOOT_IMAGE=/boot/vmlinuz-4.15.0-117-generic root=LABEL=cloudimg-rootfs ro console=tty1 console=ttyS0
[    0.000000] Memory: 983028K/1048120K available (12300K kernel code, 2481K rwdata, 4272K rodata, 2436K init, 2724K bss, 65092K reserved, 0K cma-reserved)
[    0.000000] SLUB: HWalign=64, Order=0-3, MinObjects=0, CPUs=2, Nodes=1
[    0.000000] Kernel/User page tables isolation: enabled
[    0.000000] ftrace: allocating 39392 entries in 154 pages
[    0.004000] Hierarchical RCU implementation.
[    0.004000] 	RCU restricting CPUs from NR_CPUS=8192 to nr_cpu_ids=2.
[    0.004000] 	Tasks RCU enabled.
[    0.004000] RCU: Adjusting geometry for rcu_fanout_leaf=16, nr_cpu_ids=2
[    0.004000] NR_IRQS: 524544, nr_irqs: 440, preallocated irqs: 16
[    0.004000] Console: colour VGA+ 80x25
[    0.004000] console [tty1] enabled
[    0.004000] console [ttyS0] enabled
[    0.004000] ACPI: Core revision 20170831
[    0.004000] ACPI: 2 ACPI AML tables successfully acquired and loaded
[    0.004000] APIC: Switch to symmetric I/O mode setup
[    0.004000] x2apic enabled
[    0.004000] Switched APIC routing to physical x2apic.
[    0.004000] ..TIMER: vector=0x30 apic1=0 pin1=2 apic2=-1 pin2=-1
[    0.004003] tsc: Detected 4008.000 MHz processor
[    0.004808] Calibrating delay loop (skipped) preset value.. 8016.00 BogoMIPS (lpj=16032000)
[    0.005360] pid_max: default: 32768 minimum: 301
[    0.006136] Security Framework initialized
[    0.006821] Yama: becoming mindful.
[    0.008016] AppArmor: AppArmor initialized
[    0.009913] Dentry cache hash table entries: 131072 (order: 8, 1048576 bytes)
[    0.011088] Inode-cache hash table entries: 65536 (order: 7, 524288 bytes)
[    0.012013] Mount-cache hash table entries: 2048 (order: 2, 16384 bytes)
[    0.013660] Mountpoint-cache hash table entries: 2048 (order: 2, 16384 bytes)
[    0.014990] Last level iTLB entries: 4KB 64, 2MB 8, 4MB 8
[    0.016002] Last level dTLB entries: 4KB 64, 2MB 0, 4MB 0, 1GB 4
[    0.016970] Spectre V1 : Mitigation: usercopy/swapgs barriers and __user pointer sanitization
[    0.018700] Spectre V2 : Mitigation: Full generic retpoline
[    0.020003] Spectre V2 : Spectre v2 / SpectreRSB mitigation: Filling RSB on context switch
[    0.021416] Speculative Store Bypass: Vulnerable
[    0.022217] SRBDS: Unknown: Dependent on hypervisor status
[    0.023104] MDS: Mitigation: Clear CPU buffers
[    0.024127] Freeing SMP alternatives memory: 36K
[    0.134450] smpboot: CPU0: Intel(R) Core(TM) i7-6700K CPU @ 4.00GHz (family: 0x6, model: 0x5e, stepping: 0x3)
[    0.136000] Performance Events: unsupported p6 CPU model 94 no PMU driver, software events only.
[    0.136000] Hierarchical SRCU implementation.
[    0.136448] NMI watchdog: Perf event create on CPU 0 failed with -2
[    0.137461] NMI watchdog: Perf NMI watchdog permanently disabled
[    0.138455] smp: Bringing up secondary CPUs ...
[    0.139343] x86: Booting SMP configuration:
[    0.140002] .... node  #0, CPUs:      #1
[    0.004000] kvm-clock: cpu 1, msr 0:3ff44041, secondary cpu clock
[    0.144015] smp: Brought up 1 node, 2 CPUs
[    0.144972] smpboot: Max logical packages: 1
[    0.145685] smpboot: Total of 2 processors activated (16032.00 BogoMIPS)
[    0.146947] devtmpfs: initialized
[    0.148044] x86/mm: Memory block size: 128MB
[    0.148875] evm: security.selinux
[    0.149452] evm: security.SMACK64
[    0.150016] evm: security.SMACK64EXEC
[    0.150636] evm: security.SMACK64TRANSMUTE
[    0.151325] evm: security.SMACK64MMAP
[    0.151939] evm: security.apparmor
[    0.152002] evm: security.ima
[    0.152795] evm: security.capability
[    0.153431] clocksource: jiffies: mask: 0xffffffff max_cycles: 0xffffffff, max_idle_ns: 7645041785100000 ns
[    0.153586] futex hash table entries: 512 (order: 3, 32768 bytes)
[    0.157058] pinctrl core: initialized pinctrl subsystem
[    0.157998] RTC time: 23:59:53, date: 09/17/20
[    0.158834] NET: Registered protocol family 16
[    0.160065] audit: initializing netlink subsys (disabled)
[    0.160966] audit: type=2000 audit(1600387198.920:1): state=initialized audit_enabled=0 res=1
[    0.161575] cpuidle: using governor ladder
[    0.161575] cpuidle: using governor menu
[    0.164027] ACPI: bus type PCI registered
[    0.164869] acpiphp: ACPI Hot Plug PCI Controller Driver version: 0.5
[    0.165989] PCI: Using configuration type 1 for base access
[    0.168028] HugeTLB registered 2.00 MiB page size, pre-allocated 0 pages
[    0.169299] ACPI: Added _OSI(Module Device)
[    0.169299] ACPI: Added _OSI(Processor Device)
[    0.169521] ACPI: Added _OSI(3.0 _SCP Extensions)
[    0.170343] ACPI: Added _OSI(Processor Aggregator Device)
[    0.172005] ACPI: Added _OSI(Linux-Dell-Video)
[    0.172770] ACPI: Added _OSI(Linux-Lenovo-NV-HDMI-Audio)
[    0.173639] ACPI: Added _OSI(Linux-HPI-Hybrid-Graphics)
[    0.174803] ACPI: Executed 1 blocks of module-level executable AML code
[    0.178303] ACPI: Interpreter enabled
[    0.180012] ACPI: (supports S0 S5)
[    0.180619] ACPI: Using IOAPIC for interrupt routing
[    0.181624] PCI: Using host bridge windows from ACPI; if necessary, use "pci=nocrs" and report a bug
[    0.183428] ACPI: Enabled 2 GPEs in block 00 to 07
[    0.188863] ACPI: PCI Root Bridge [PCI0] (domain 0000 [bus 00-ff])
[    0.190222] acpi PNP0A03:00: _OSC: OS supports [ASPM ClockPM Segments MSI]
[    0.191981] acpi PNP0A03:00: _OSC: not requesting OS control; OS requires [ExtendedConfig ASPM ClockPM MSI]
[    0.192009] acpi PNP0A03:00: fail to add MMCONFIG information, can't access extended PCI configuration space under this bridge.
[    0.194204] PCI host bridge to bus 0000:00
[    0.196003] pci_bus 0000:00: root bus resource [io  0x0000-0x0cf7 window]
[    0.197091] pci_bus 0000:00: root bus resource [io  0x0d00-0xffff window]
[    0.198179] pci_bus 0000:00: root bus resource [mem 0x000a0000-0x000bffff window]
[    0.200002] pci_bus 0000:00: root bus resource [mem 0x40000000-0xfdffffff window]
[    0.201240] pci_bus 0000:00: root bus resource [bus 00-ff]
[    0.204972] pci 0000:00:01.1: legacy IDE quirk: reg 0x10: [io  0x01f0-0x01f7]
[    0.206114] pci 0000:00:01.1: legacy IDE quirk: reg 0x14: [io  0x03f6]
[    0.207164] pci 0000:00:01.1: legacy IDE quirk: reg 0x18: [io  0x0170-0x0177]
[    0.208003] pci 0000:00:01.1: legacy IDE quirk: reg 0x1c: [io  0x0376]
[    0.220800] pci 0000:00:07.0: quirk: [io  0x4000-0x403f] claimed by PIIX4 ACPI
[    0.222311] pci 0000:00:07.0: quirk: [io  0x4100-0x410f] claimed by PIIX4 SMB
[    0.228011] ACPI: PCI Interrupt Link [LNKA] (IRQs 5 9 10 *11)
[    0.229307] ACPI: PCI Interrupt Link [LNKB] (IRQs 5 9 *10 11)
[    0.230351] ACPI: PCI Interrupt Link [LNKC] (IRQs 5 *9 10 11)
[    0.231418] ACPI: PCI Interrupt Link [LNKD] (IRQs 5 9 10 *11)
[    0.232311] SCSI subsystem initialized
[    0.232987] pci 0000:00:02.0: vgaarb: setting as boot VGA device
[    0.233034] pci 0000:00:02.0: vgaarb: VGA device added: decodes=io+mem,owns=io+mem,locks=none
[    0.234490] pci 0000:00:02.0: vgaarb: bridge control possible
[    0.236002] vgaarb: loaded
[    0.236516] ACPI: bus type USB registered
[    0.237221] usbcore: registered new interface driver usbfs
[    0.238152] usbcore: registered new interface driver hub
[    0.239057] usbcore: registered new device driver usb
[    0.240046] EDAC MC: Ver: 3.0.0
[    0.240789] PCI: Using ACPI for IRQ routing
[    0.241052] NetLabel: Initializing
[    0.241658] NetLabel:  domain hash size = 128
[    0.244002] NetLabel:  protocols = UNLABELED CIPSOv4 CALIPSO
[    0.244999] NetLabel:  unlabeled traffic allowed by default
[    0.246045] clocksource: Switched to clocksource kvm-clock
[    0.254635] VFS: Disk quotas dquot_6.6.0
[    0.255652] VFS: Dquot-cache hash table entries: 512 (order 0, 4096 bytes)
[    0.256885] AppArmor: AppArmor Filesystem Enabled
[    0.257686] pnp: PnP ACPI init
[    0.259164] pnp: PnP ACPI: found 3 devices
[    0.267964] clocksource: acpi_pm: mask: 0xffffff max_cycles: 0xffffff, max_idle_ns: 2085701024 ns
[    0.270060] NET: Registered protocol family 2
[    0.270960] TCP established hash table entries: 8192 (order: 4, 65536 bytes)
[    0.272309] TCP bind hash table entries: 8192 (order: 5, 131072 bytes)
[    0.274358] TCP: Hash tables configured (established 8192 bind 8192)
[    0.275401] UDP hash table entries: 512 (order: 2, 16384 bytes)
[    0.276383] UDP-Lite hash table entries: 512 (order: 2, 16384 bytes)
[    0.277423] NET: Registered protocol family 1
[    0.278149] pci 0000:00:00.0: Limiting direct PCI/PCI transfers
[    0.279150] pci 0000:00:01.0: Activating ISA DMA hang workarounds
[    0.280472] pci 0000:00:02.0: Video device with shadowed ROM at [mem 0x000c0000-0x000dffff]
[    0.281906] Unpacking initramfs...
[    0.504143] Freeing initrd memory: 19220K
[    0.505359] clocksource: tsc: mask: 0xffffffffffffffff max_cycles: 0x39c5e21a6f1, max_idle_ns: 440795312983 ns
[    0.507086] platform rtc_cmos: registered platform RTC device (no PNP device found)
[    0.508387] Scanning for low memory corruption every 60 seconds
[    0.510284] Initialise system trusted keyrings
[    0.511144] Key type blacklist registered
[    0.512011] workingset: timestamp_bits=36 max_order=18 bucket_order=0
[    0.514415] zbud: loaded
[    0.515631] squashfs: version 4.0 (2009/01/31) Phillip Lougher
[    0.517276] fuse init (API version 7.26)
[    0.519810] Key type asymmetric registered
[    0.520691] Asymmetric key parser 'x509' registered
[    0.521609] Block layer SCSI generic (bsg) driver version 0.4 loaded (major 246)
[    0.522905] io scheduler noop registered
[    0.523567] io scheduler deadline registered
[    0.524341] io scheduler cfq registered (default)
[    0.525374] ACPI: AC Adapter [AC] (on-line)
[    0.526117] input: Power Button as /devices/LNXSYSTM:00/LNXPWRBN:00/input/input0
[    0.527398] ACPI: Power Button [PWRF]
[    0.528114] input: Sleep Button as /devices/LNXSYSTM:00/LNXSLPBN:00/input/input1
[    0.529360] ACPI: Sleep Button [SLPF]
[    0.530240] Serial: 8250/16550 driver, 32 ports, IRQ sharing enabled
[    0.552030] 00:02: ttyS0 at I/O 0x3f8 (irq = 4, base_baud = 115200) is a 16550A
[    0.555776] Linux agpgart interface v0.103
[    0.557867] loop: module loaded
[    0.558862] scsi host0: ata_piix
[    0.559520] scsi host1: ata_piix
[    0.560222] ata1: PATA max UDMA/33 cmd 0x1f0 ctl 0x3f6 bmdma 0xd000 irq 14
[    0.561325] ata2: PATA max UDMA/33 cmd 0x170 ctl 0x376 bmdma 0xd008 irq 15
[    0.562487] libphy: Fixed MDIO Bus: probed
[    0.563201] tun: Universal TUN/TAP device driver, 1.6
[    0.564139] PPP generic driver version 2.4.2
[    0.564922] ehci_hcd: USB 2.0 'Enhanced' Host Controller (EHCI) Driver
[    0.565972] ehci-pci: EHCI PCI platform driver
[    0.566718] ehci-platform: EHCI generic platform driver
[    0.567579] ohci_hcd: USB 1.1 'Open' Host Controller (OHCI) Driver
[    0.568883] ohci-pci: OHCI PCI platform driver
[    0.569669] ohci-platform: OHCI generic platform driver
[    0.570674] uhci_hcd: USB Universal Host Controller Interface driver
[    0.571996] i8042: PNP: PS/2 Controller [PNP0303:PS2K,PNP0f03:PS2M] at 0x60,0x64 irq 1,12
[    0.574346] serio: i8042 KBD port at 0x60,0x64 irq 1
[    0.575312] serio: i8042 AUX port at 0x60,0x64 irq 12
[    0.576533] mousedev: PS/2 mouse device common for all mice
[    0.578256] input: AT Translated Set 2 keyboard as /devices/platform/i8042/serio0/input/input2
[    0.580269] rtc_cmos rtc_cmos: rtc core: registered rtc_cmos as rtc0
[    0.581573] rtc_cmos rtc_cmos: alarms up to one day, 114 bytes nvram
[    0.582973] i2c /dev entries driver
[    0.583830] device-mapper: uevent: version 1.0.3
[    0.585081] device-mapper: ioctl: 4.37.0-ioctl (2017-09-20) initialised: dm-devel@redhat.com
[    0.586681] ledtrig-cpu: registered to indicate activity on CPUs
[    0.588770] NET: Registered protocol family 10
[    0.593137] Segment Routing with IPv6
[    0.593960] NET: Registered protocol family 17
[    0.594966] Key type dns_resolver registered
[    0.596154] mce: Using 0 MCE banks
[    0.596901] RAS: Correctable Errors collector initialized.
[    0.598377] sched_clock: Marking stable (596129678, 0)->(731422060, -135292382)
[    0.600704] registered taskstats version 1
[    0.601718] Loading compiled-in X.509 certificates
[    0.605305] Loaded X.509 cert 'Build time autogenerated kernel key: 993aedfcb7091aab7364eeb95e85a8dab512d887'
[    0.607250] zswap: loaded using pool lzo/zbud
[    0.611247] Key type big_key registered
[    0.612017] Key type trusted registered
[    0.614485] Key type encrypted registered
[    0.615438] AppArmor: AppArmor sha1 policy hashing enabled
[    0.616410] ima: No TPM chip found, activating TPM-bypass! (rc=-19)
[    0.617427] ima: Allocated hash algorithm: sha1
[    0.618183] evm: HMAC attrs: 0x1
[    0.618946]   Magic number: 4:181:1010
[    0.619660] rtc_cmos rtc_cmos: setting system clock to 2020-09-17 23:59:54 UTC (1600387194)
[    0.621151] BIOS EDD facility v0.16 2004-Jun-25, 0 devices found
[    0.622124] EDD information not available.
[    0.726431] Freeing unused kernel image memory: 2436K
[    1.111106] Write protecting the kernel read-only data: 20480k
[    1.113539] Freeing unused kernel image memory: 2008K
[    1.114946] Freeing unused kernel image memory: 1872K
[    1.121131] x86/mm: Checked W+X mappings: passed, no W+X pages found.
[    1.122376] x86/mm: Checking user space page tables
[    1.128210] x86/mm: Checked W+X mappings: passed, no W+X pages found.
Loading, please wait...
starting version 237
[    1.188444] e1000: Intel(R) PRO/1000 Network Driver - version 7.3.21-k8-NAPI
[    1.190105] e1000: Copyright (c) 1999-2006 Intel Corporation.
[    1.191790] Fusion MPT base driver 3.04.20
[    1.192527] Copyright (c) 1999-2008 LSI Corporation
[    1.211413] AVX2 version of gcm_enc/dec engaged.
[    1.212801] AES CTR mode by8 optimization enabled
[    1.213837] Fusion MPT SPI Host driver 3.04.20
[    1.414888] input: ImExPS/2 Generic Explorer Mouse as /devices/platform/i8042/serio1/input/input4
[    1.580223] e1000 0000:00:03.0 eth0: (PCI:33MHz:32-bit) 02:aa:c1:7f:62:79
[    1.581522] e1000 0000:00:03.0 eth0: Intel(R) PRO/1000 Network Connection
[    1.583222] mptbase: ioc0: Initiating bringup
[    1.584685] e1000 0000:00:03.0 enp0s3: renamed from eth0
[    2.189575] ioc0: LSI53C1030 A0: Capabilities={Initiator}
[    3.260335] scsi host2: ioc0: LSI53C1030 A0, FwRev=00000000h, Ports=1, MaxQ=256, IRQ=20
[    3.580119] scsi 2:0:0:0: Direct-Access     VBOX     HARDDISK         1.0  PQ: 0 ANSI: 5
[    3.616152] scsi target2:0:0: Beginning Domain Validation
[    3.619310] scsi target2:0:0: Domain Validation skipping write tests
[    3.620373] scsi target2:0:0: Ending Domain Validation
[    3.621282] scsi target2:0:0: asynchronous
[    3.622432] scsi 2:0:1:0: Direct-Access     VBOX     HARDDISK         1.0  PQ: 0 ANSI: 5
[    3.652431] scsi target2:0:1: Beginning Domain Validation
[    3.655167] random: fast init done
[    3.656148] scsi target2:0:1: Domain Validation skipping write tests
[    3.657385] scsi target2:0:1: Ending Domain Validation
[    3.658417] scsi target2:0:1: asynchronous
[    3.661870] random: systemd-udevd: uninitialized urandom read (16 bytes read)
[    3.663030] random: systemd-udevd: uninitialized urandom read (16 bytes read)
[    3.664258] random: systemd-udevd: uninitialized urandom read (16 bytes read)
[    3.665652] sd 2:0:0:0: Attached scsi generic sg0 type 0
[    3.665681] sd 2:0:0:0: [sda] 20971520 512-byte logical blocks: (10.7 GB/10.0 GiB)
[    3.666810] sd 2:0:1:0: Attached scsi generic sg1 type 0
[    3.667841] sd 2:0:0:0: [sda] Write Protect is off
[    3.669815] sd 2:0:0:0: [sda] Incomplete mode parameter data
[    3.669825] sd 2:0:1:0: [sdb] 20480 512-byte logical blocks: (10.5 MB/10.0 MiB)
[    3.670748] sd 2:0:0:0: [sda] Assuming drive cache: write through
[    3.673198] sd 2:0:1:0: [sdb] Write Protect is off
[    3.674812] sd 2:0:1:0: [sdb] Incomplete mode parameter data
[    3.675764] sd 2:0:1:0: [sdb] Assuming drive cache: write through
[    3.675874]  sda: sda1
[    3.678122] sd 2:0:0:0: [sda] Attached SCSI disk
[    3.680732] sd 2:0:1:0: [sdb] Attached SCSI disk
Begin: Loading essential drivers ... [    5.032641] raid6: sse2x1   gen() 13982 MB/s
[    5.080653] raid6: sse2x1   xor() 10022 MB/s
[    5.129688] raid6: sse2x2   gen() 17535 MB/s
[    5.176340] raid6: sse2x2   xor() 11429 MB/s
[    5.224767] raid6: sse2x4   gen() 18838 MB/s
[    5.272326] raid6: sse2x4   xor() 11762 MB/s
[    5.320100] raid6: avx2x1   gen() 27295 MB/s
[    5.368113] raid6: avx2x1   xor() 19227 MB/s
[    5.416796] raid6: avx2x2   gen() 33021 MB/s
[    5.464046] raid6: avx2x2   xor() 20376 MB/s
[    5.512207] raid6: avx2x4   gen() 37898 MB/s
[    5.561282] raid6: avx2x4   xor() 23018 MB/s
[    5.562337] raid6: using algorithm avx2x4 gen() 37898 MB/s
[    5.563297] raid6: .... xor() 23018 MB/s, rmw enabled
[    5.564144] raid6: using avx2x2 recovery algorithm
[    5.565679] xor: automatically using best checksumming function   avx       
[    5.567453] async_tx: api initialized (async)
done.
Begin: Running /scripts/init-premount ... done.
Begin: Mounting root file system ... Begin: Running /scripts/local-top ... done.
Begin: Running /scripts/local-premount ... [    5.600997] Btrfs loaded, crc32c=crc32c-intel
Scanning for Btrfs filesystems
done.
Warning: fsck not present, so skipping root file system
[    5.620750] EXT4-fs (sda1): INFO: recovery required on readonly filesystem
[    5.621873] EXT4-fs (sda1): write access will be enabled during recovery
[    5.728887] EXT4-fs (sda1): recovery complete
[    5.729804] EXT4-fs (sda1): mounted filesystem with ordered data mode. Opts: (null)
done.
Begin: Running /scripts/local-bottom ... done.
Begin: Running /scripts/init-bottom ... done.
[    5.854248] ip_tables: (C) 2000-2006 Netfilter Core Team
[    5.861277] systemd[1]: systemd 237 running in system mode. (+PAM +AUDIT +SELINUX +IMA +APPARMOR +SMACK +SYSVINIT +UTMP +LIBCRYPTSETUP +GCRYPT +GNUTLS +ACL +XZ +LZ4 +SECCOMP +BLKID +ELFUTILS +KMOD -IDN2 +IDN -PCRE2 default-hierarchy=hybrid)
[    5.864736] systemd[1]: Detected virtualization oracle.
[    5.865606] systemd[1]: Detected architecture x86-64.

Welcome to [1mUbuntu 18.04.5 LTS[0m!

[    5.869794] systemd[1]: Set hostname to <ubuntu-bionic>.
[    6.075043] systemd[1]: Reached target User and Group Name Lookups.
[[0;32m  OK  [0m] Reached target User and Group Name Lookups.
[    6.077292] systemd[1]: Reached target System Time Synchronized.
[[0;32m  OK  [0m] Reached target System Time Synchronized.
[    6.079255] systemd[1]: Started Forward Password Requests to Wall Directory Watch.
[[0;32m  OK  [0m] Started Forward Password Requests to Wall Directory Watch.
[    6.084397] systemd[1]: Set up automount Arbitrary Executable File Formats File System Automount Point.
[[0;32m  OK  [0m] Set up automount Arbitrary Executabâ€¦rmats File System Automount Point.
[    6.087989] systemd[1]: Created slice System Slice.
[[0;32m  OK  [0m] Created slice System Slice.
[    6.089882] systemd[1]: Created slice system-serial\x2dgetty.slice.
[[0;32m  OK  [0m] Created slice system-serial\x2dgetty.slice.
[[0;32m  OK  [0m] Listening on LVM2 poll daemon socket.
[[0;32m  OK  [0m] Listening on LVM2 metadata daemon socket.
[[0;32m  OK  [0m] Listening on Network Service Netlink Socket.
[[0;32m  OK  [0m] Listening on udev Control Socket.
[[0;32m  OK  [0m] Listening on /dev/initctl Compatibility Named Pipe.
[[0;32m  OK  [0m] Listening on Syslog Socket.
[[0;32m  OK  [0m] Listening on Device-mapper event daemon FIFOs.
[[0;32m  OK  [0m] Listening on udev Kernel Socket.
[[0;32m  OK  [0m] Listening on Journal Audit Socket.
[[0;32m  OK  [0m] Listening on Journal Socket.
         Starting Uncomplicated firewall...
         Starting Set the console keyboard layout...
         Starting Remount Root and Kernel File Systems...
         Starting Monitoring of LVM2 mirrorsâ€¦ng dmeventd or progress polling...
         Starting Load Kernel Modules...
[    6.163201] EXT4-fs (sda1): re-mounted. Opts: (null)
         Starting Create list of required stâ€¦ce nodes for the current kernel...
[    6.174759] Loading iSCSI transport class v2.0-870.
         Starting udev Coldplug all Devices...
         Mounting Kernel Debug File System...
[[0;32m  OK  [0m] Reached target Swap.
[[0;32m  OK  [0m] Listening on Journal Socket (/dev/log).
[    6.200860] iscsi: registered transport (tcp)
[    6.212846] iscsi: registered transport (iser)
         Mounting POSIX Message Queue File System...
         Starting Journal Service...
[[0;32m  OK  [0m] Created slice User and Session Slice.
[[0;32m  OK  [0m] Reached target Slices.
         Mounting Huge Pages File System...
[[0;32m  OK  [0m] Started Journal Service.
[[0;32m  OK  [0m] Started Uncomplicated firewall.
[[0;32m  OK  [0m] Started Set the console keyboard layout.
[[0;32m  OK  [0m] Started Remount Root and Kernel File Systems.
[[0;32m  OK  [0m] Started Load Kernel Modules.
[[0;32m  OK  [0m] Started Create list of required staâ€¦vice nodes for the current kernel.
[[0;32m  OK  [0m] Mounted Kernel Debug File System.
[[0;32m  OK  [0m] Mounted POSIX Message Queue File System.
[[0;32m  OK  [0m] Mounted Huge Pages File System.
[[0;32m  OK  [0m] Started udev Coldplug all Devices.
[[0;32m  OK  [0m] Started LVM2 metadata daemon.
         Starting Create Static Device Nodes in /dev...
         Mounting Kernel Configuration File System...
         Starting Apply Kernel Variables...
         Mounting FUSE Control File System...
         Starting Load/Save Random Seed...
         Starting Flush Journal to Persistent Storage...
[[0;32m  OK  [0m] Started Monitoring of LVM2 mirrors,â€¦sing dmeventd or progress polling.
[[0;32m  OK  [0m] Started Create Static Device Nodes in /dev.
[[0;32m  OK  [0m] Mounted Kernel Configuration File System.
[[0;32m  OK  [0m] Started Apply Kernel Variables.
[[0;32m  OK  [0m] Mounted FUSE Control File System.
[[0;32m  OK  [0m] Started Load/Save Random Seed.
         Starting udev Kernel Device Manager...
[[0;32m  OK  [0m] Reached target Local File Systems (Pre).
         Mounting /vagrant...
[[0;32m  OK  [0m] Reached target Local File Systems.
         Starting AppArmor initialization...
         Starting ebtables ruleset management...
         Starting Tell Plymouth To Write Out Runtime Data...
         Starting Set console font and keymap...
[[0;32m  OK  [0m] Started udev Kernel Device Manager.
[[0;32m  OK  [0m] Started Dispatch Password Requests to Console Directory Watch.
[[0;32m  OK  [0m] Reached target Local Encrypted Volumes.
[[0;32m  OK  [0m] Started Tell Plymouth To Write Out Runtime Data.
[[0;32m  OK  [0m] Started Set console font and keymap.
[[0;32m  OK  [0m] Mounted /vagrant.
[[0;32m  OK  [0m] Started ebtables ruleset management.
[[0;32m  OK  [0m] Started Flush Journal to Persistent Storage.
[[0;32m  OK  [0m] Found device /dev/ttyS0.
         Starting Create Volatile Files and Directories...
[[0;32m  OK  [0m] Started Create Volatile Files and Directories.
         Starting Update UTMP about System Boot/Shutdown...
[[0;32m  OK  [0m] Started Update UTMP about System Boot/Shutdown.
[[0;32m  OK  [0m] Listening on Load/Save RF Kill Switch Status /dev/rfkill Watch.
[[0;32m  OK  [0m] Started AppArmor initialization.
         Starting Load AppArmor profiles managed internally by snapd...
         Starting Initial cloud-init job (pre-networking)...
[[0;32m  OK  [0m] Started Load AppArmor profiles managed internally by snapd.
[    7.628961] cloud-init[542]: Cloud-init v. 20.2-45-g5f7825e2-0ubuntu1~18.04.1 running 'init-local' at Fri, 18 Sep 2020 00:00:01 +0000. Up 7.48 seconds.
[[0;32m  OK  [0m] Started Initial cloud-init job (pre-networking).
[[0;32m  OK  [0m] Reached target Network (Pre).
         Starting Network Service...
[[0;32m  OK  [0m] Started Network Service.
         Starting Network Name Resolution...
         Starting Wait for Network to be Configured...
[[0;32m  OK  [0m] Started Network Name Resolution.
[[0;32m  OK  [0m] Reached target Network.
[[0;32m  OK  [0m] Reached target Host and Network Name Lookups.
[[0;32m  OK  [0m] Started Wait for Network to be Configured.
         Starting Initial cloud-init job (metadata service crawler)...
[   10.018107] cloud-init[658]: Cloud-init v. 20.2-45-g5f7825e2-0ubuntu1~18.04.1 running 'init' at Fri, 18 Sep 2020 00:00:03 +0000. Up 9.91 seconds.
[   10.028816] cloud-init[658]: ci-info: ++++++++++++++++++++++++++++++++++++++Net device info++++++++++++++++++++++++++++++++++++++
[   10.044175] cloud-init[658]: ci-info: +--------+------+----------------------------+---------------+--------+-------------------+
[   10.044990] cloud-init[658]: ci-info: | Device |  Up  |          Address           |      Mask     | Scope  |     Hw-Address    |
[   10.045953] cloud-init[658]: ci-info: +--------+------+----------------------------+---------------+--------+-------------------+
[   10.047020] cloud-init[658]: ci-info: | enp0s3 | True |         10.0.2.15          | 255.255.255.0 | global | 02:aa:c1:7f:62:79 |
[   10.048205] cloud-init[658]: ci-info: | enp0s3 | True | fe80::aa:c1ff:fe7f:6279/64 |       .       |  link  | 02:aa:c1:7f:62:79 |
[   10.049432] cloud-init[658]: ci-info: |   lo   | True |         127.0.0.1          |   255.0.0.0   |  host  |         .         |
[   10.050666] cloud-init[658]: ci-info: |   lo   | True |          ::1/128           |       .       |  host  |         .         |
[   10.051695] cloud-init[658]: ci-info: +--------+------+----------------------------+---------------+--------+-------------------+
[   10.052755] cloud-init[658]: ci-info: ++++++++++++++++++++++++++++Route IPv4 info+++++++++++++++++++++++++++++
[   10.053564] cloud-init[658]: ci-info: +-------+-------------+----------+-----------------+-----------+-------+
[   10.054319] cloud-init[658]: ci-info: | Route | Destination | Gateway  |     Genmask     | Interface | Flags |
[   10.055312] cloud-init[658]: ci-info: +-------+-------------+----------+-----------------+-----------+-------+
[   10.055988] cloud-init[658]: ci-info: |   0   |   0.0.0.0   | 10.0.2.2 |     0.0.0.0     |   enp0s3  |   UG  |
[   10.056753] cloud-init[658]: ci-info: |   1   |   10.0.2.0  | 0.0.0.0  |  255.255.255.0  |   enp0s3  |   U   |
[   10.058126] cloud-init[658]: ci-info: |   2   |   10.0.2.2  | 0.0.0.0  | 255.255.255.255 |   enp0s3  |   UH  |
[   10.059481] cloud-init[658]: ci-info: +-------+-------------+----------+-----------------+-----------+-------+
[   10.061001] cloud-init[658]: ci-info: +++++++++++++++++++Route IPv6 info+++++++++++++++++++
[   10.072883] cloud-init[658]: ci-info: +-------+-------------+---------+-----------+-------+
[   10.088159] cloud-init[658]: ci-info: | Route | Destination | Gateway | Interface | Flags |
[   10.089012] cloud-init[658]: ci-info: +-------+-------------+---------+-----------+-------+
[   10.089861] cloud-init[658]: ci-info: |   1   |  fe80::/64  |    ::   |   enp0s3  |   U   |
[   10.091071] cloud-init[658]: ci-info: |   3   |    local    |    ::   |   enp0s3  |   U   |
[   10.108205] cloud-init[658]: ci-info: |   4   |   ff00::/8  |    ::   |   enp0s3  |   U   |
[   10.120279] cloud-init[658]: ci-info: +-------+-------------+---------+-----------+-------+
[[0;32m  OK  [0m] Started Initial cloud-init job (metadata service crawler).
[[0;32m  OK  [0m] Reached target Cloud-config availability.
[[0;32m  OK  [0m] Reached target System Initialization.
[[0;32m  OK  [0m] Started Daily Cleanup of Temporary Directories.
         Starting Socket activation for snappy daemon.
[[0;32m  OK  [0m] Listening on ACPID Listen Socket.
[[0;32m  OK  [0m] Started Discard unused blocks once a week.
[[0;32m  OK  [0m] Started ACPI Events Check.
[[0;32m  OK  [0m] Reached target Paths.
[[0;32m  OK  [0m] Listening on UUID daemon activation socket.
[[0;32m  OK  [0m] Listening on Open-iSCSI iscsid Socket.
[[0;32m  OK  [0m] Listening on D-Bus System Message Bus Socket.
         Starting LXD - unix socket.
[[0;32m  OK  [0m] Started Message of the Day.
[[0;32m  OK  [0m] Started Daily apt upgrade and clean activities.
[[0;32m  OK  [0m] Reached target Timers.
[[0;32m  OK  [0m] Reached target Network is Online.
[[0;32m  OK  [0m] Reached target Remote File Systems (Pre).
[[0;32m  OK  [0m] Reached target Remote File Systems.
         Starting Availability of block devices...
[[0;32m  OK  [0m] Listening on Socket activation for snappy daemon.
[[0;32m  OK  [0m] Listening on LXD - unix socket.
[[0;32m  OK  [0m] Started Availability of block devices.
[[0;32m  OK  [0m] Reached target Sockets.
[[0;32m  OK  [0m] Reached target Basic System.
[[0;32m  OK  [0m] Started D-Bus System Message Bus.
[[0;32m  OK  [0m] Started FUSE filesystem for LXC.
         Starting Pollinate to seed the pseudo random number generator...
         Starting Virtualbox guest utils...
         Starting System Logging Service...
         Starting Dispatcher daemon for systemd-networkd...
         Starting LSB: automatic crash report generation...
         Starting Daily apt upgrade and clean activities...
         Starting Permit User Sessions...
[[0;32m  OK  [0m] Started irqbalance daemon.
         Starting Accounts Service...
         Starting LSB: Record successful boot for GRUB...
         Starting Message of the Day...
[[0;32m  OK  [0m] Started Regular background program processing daemon.
         Starting Login Service...
[[0;32m  OK  [0m] Started Deferred execution scheduler.
         Starting LXD - container startup/shutdown...
         Starting Snap Daemon...
[[0;32m  OK  [0m] Started System Logging Service.
[[0;32m  OK  [0m] Started Permit User Sessions.
[[0;32m  OK  [0m] Started Login Service.
[[0;32m  OK  [0m] Started Unattended Upgrades Shutdown.
         Starting Authorization Manager...
         Starting Terminate Plymouth Boot Screen...
         Starting Hold until boot process finishes up...
[[0;32m  OK  [0m] Started Hold until boot process finishes up.
         Starting Set console scheme...
[[0;32m  OK  [0m] Started Serial Getty on ttyS0.
[[0;32m  OK  [0m] Started Terminate Plymouth Boot Screen.
[[0;32m  OK  [0m] Started Dispatcher daemon for systemd-networkd.
[[0;32m  OK  [0m] Started LXD - container startup/shutdown.
[[0;32m  OK  [0m] Started LSB: automatic crash report generation.
[[0;32m  OK  [0m] Started Virtualbox guest utils.
[[0;32m  OK  [0m] Started LSB: Record successful boot for GRUB.
[[0;32m  OK  [0m] Started Authorization Manager.
[[0;32m  OK  [0m] Started Accounts Service.
[[0;32m  OK  [0m] Started Set console scheme.
[[0;32m  OK  [0m] Created slice system-getty.slice.
[[0;32m  OK  [0m] Started Getty on tty1.
[[0;32m  OK  [0m] Reached target Login Prompts.
[[0;32m  OK  [0m] Started Snap Daemon.
         Starting Wait until snapd is fully seeded...
[[0;32m  OK  [0m] Started Wait until snapd is fully seeded.
         Starting Apply the settings specified in cloud-config...
[[0;32m  OK  [0m] Started Message of the Day.
[   11.827139] cloud-init[1217]: Cloud-init v. 20.2-45-g5f7825e2-0ubuntu1~18.04.1 running 'modules:config' at Fri, 18 Sep 2020 00:00:05 +0000. Up 11.70 seconds.
[[0;32m  OK  [0m] Started Apply the settings specified in cloud-config.
[[0;32m  OK  [0m] Started Pollinate to seed the pseudo random number generator.
         Starting OpenBSD Secure Shell server...
[[0;32m  OK  [0m] Started OpenBSD Secure Shell server.
[[0;32m  OK  [0m] Reached target Multi-User System.
         Starting Execute cloud user/final scripts...
[[0;32m  OK  [0m] Reached target Graphical Interface.
         Starting Update UTMP about System Runlevel Changes...
[[0;32m  OK  [0m] Started Update UTMP about System Runlevel Changes.
[[0;32m  OK  [0m] Created slice User Slice of vagrant.
         Starting User Manager for UID 1000...
[[0;32m  OK  [0m] Started Session 1 of user vagrant.
[[0;32m  OK  [0m] Started User Manager for UID 1000.
[   12.708339] cloud-init[1351]: Cloud-init v. 20.2-45-g5f7825e2-0ubuntu1~18.04.1 running 'modules:final' at Fri, 18 Sep 2020 00:00:06 +0000. Up 12.43 seconds.
[   12.720260] cloud-init[1351]: Cloud-init v. 20.2-45-g5f7825e2-0ubuntu1~18.04.1 finished at Fri, 18 Sep 2020 00:00:06 +0000. Datasource DataSourceNoCloud [seed=/dev/sdb][dsmode=net].  Up 12.69 seconds
[[0;32m  OK  [0m] Started Execute cloud user/final scripts.
[[0;32m  OK  [0m] Reached target Cloud-init target.
[[0;32m  OK  [0m] Started Daily apt upgrade and clean activities.

Ubuntu 18.04.5 LTS ubuntu-bionic ttyS0

ubuntu-bionic login: 